0 verbose cli /usr/bin/node /usr/lib/node_modules/npm/bin/npm-cli.js
1 info using npm@10.9.4
2 info using node@v22.22.0
3 silly config load:file:/usr/lib/node_modules/npm/npmrc
4 silly config load:file:/home/gjugn/.local/share/trueforge/sandboxes/01m11dajmnq9tr5azwgr0za51v/01m11danr5gsawpdf8mxvwgfkp/.npmrc
5 silly config load:file:/home/gjugn/.local/share/trueforge/sandboxes/01m11dajmnq9tr5azwgr0za51v/01m11danr5gsawpdf8mxvwgfkp/.home/.npmrc
6 silly config load:file:/usr/etc/npmrc
7 verbose title npm exec prettier --write .
8 verbose argv "exec" "--" "prettier" "--write" "."
9 verbose logfile logs-max:10 dir:/home/gjugn/.local/share/trueforge/sandboxes/01m11dajmnq9tr5azwgr0za51v/01m11danr5gsawpdf8mxvwgfkp/.home/.npm/_logs/2026-08-27T10_50_38_624Z-
10 verbose logfile /home/gjugn/.local/share/trueforge/sandboxes/01m11dajmnq9tr5azwgr0za51v/01m11danr5gsawpdf8mxvwgfkp/.home/.npm/_logs/2026-08-27T10_50_38_624Z-debug-0.log
11 silly logfile done cleaning log files
12 silly packumentCache heap:2026110976 maxSize:506527744 maxEntrySize:253263872
13 http fetch GET 200 https://registry.npmjs.org/prettier 5360ms (cache revalidated)
14 silly packumentCache heap:2026110976 maxSize:506527744 maxEntrySize:253263872
15 silly packumentCache heap:2026110976 maxSize:506527744 maxEntrySize:253263872
16 verbose cwd /home/gjugn/.local/share/trueforge/sandboxes/01m11dajmnq9tr5azwgr0za51v/01m11danr5gsawpdf8mxvwgfkp
17 verbose os Linux 6.6.87.2-microsoft-standard-WSL2
18 verbose node v22.22.0
19 verbose npm  v10.9.4
20 verbose exit 0
21 info ok
